
> Repo-Write-CMS@0.0.1 start:dev
> nest start --watch

[2J[3J[H[[90m4:10:22 PM[0m] Starting compilation in watch mode...

[[90m4:10:40 PM[0m] Found 0 errors. Watching for file changes.

[32m[Nest] 1016909  - [39m02/03/2026, 4:10:43 PM [32m    LOG[39m [38;5;3m[NestFactory] [39m[32mStarting Nest application...[39m
[32m[Nest] 1016909  - [39m02/03/2026, 4:10:43 PM [32m    LOG[39m [38;5;3m[InstanceLoader] [39m[32mPrismaModule dependencies initialized[39m[38;5;3m +66ms[39m
[32m[Nest] 1016909  - [39m02/03/2026, 4:10:43 PM [32m    LOG[39m [38;5;3m[InstanceLoader] [39m[32mPassportModule dependencies initialized[39m[38;5;3m +2ms[39m
[32m[Nest] 1016909  - [39m02/03/2026, 4:10:43 PM [32m    LOG[39m [38;5;3m[InstanceLoader] [39m[32mConfigHostModule dependencies initialized[39m[38;5;3m +3ms[39m
[32m[Nest] 1016909  - [39m02/03/2026, 4:10:43 PM [32m    LOG[39m [38;5;3m[InstanceLoader] [39m[32mJwtModule dependencies initialized[39m[38;5;3m +0ms[39m
[32m[Nest] 1016909  - [39m02/03/2026, 4:10:43 PM [32m    LOG[39m [38;5;3m[InstanceLoader] [39m[32mAppModule dependencies initialized[39m[38;5;3m +3ms[39m
[32m[Nest] 1016909  - [39m02/03/2026, 4:10:43 PM [32m    LOG[39m [38;5;3m[InstanceLoader] [39m[32mConfigModule dependencies initialized[39m[38;5;3m +0ms[39m
[32m[Nest] 1016909  - [39m02/03/2026, 4:10:43 PM [32m    LOG[39m [38;5;3m[InstanceLoader] [39m[32mContentModule dependencies initialized[39m[38;5;3m +2ms[39m
[32m[Nest] 1016909  - [39m02/03/2026, 4:10:43 PM [32m    LOG[39m [38;5;3m[InstanceLoader] [39m[32mAuthModule dependencies initialized[39m[38;5;3m +1ms[39m
[32m[Nest] 1016909  - [39m02/03/2026, 4:10:43 PM [32m    LOG[39m [38;5;3m[RoutesResolver] [39m[32mAppController {/}:[39m[38;5;3m +17ms[39m
[32m[Nest] 1016909  - [39m02/03/2026, 4:10:43 PM [32m    LOG[39m [38;5;3m[RouterExplorer] [39m[32mMapped {/, GET} route[39m[38;5;3m +12ms[39m
[32m[Nest] 1016909  - [39m02/03/2026, 4:10:43 PM [32m    LOG[39m [38;5;3m[RouterExplorer] [39m[32mMapped {/health, GET} route[39m[38;5;3m +1ms[39m
[32m[Nest] 1016909  - [39m02/03/2026, 4:10:43 PM [32m    LOG[39m [38;5;3m[RoutesResolver] [39m[32mAuthController {/auth}:[39m[38;5;3m +1ms[39m
[32m[Nest] 1016909  - [39m02/03/2026, 4:10:43 PM [32m    LOG[39m [38;5;3m[RouterExplorer] [39m[32mMapped {/auth/register, POST} route[39m[38;5;3m +2ms[39m
[32m[Nest] 1016909  - [39m02/03/2026, 4:10:43 PM [32m    LOG[39m [38;5;3m[RouterExplorer] [39m[32mMapped {/auth/login, POST} route[39m[38;5;3m +2ms[39m
[32m[Nest] 1016909  - [39m02/03/2026, 4:10:43 PM [32m    LOG[39m [38;5;3m[RouterExplorer] [39m[32mMapped {/auth/github, GET} route[39m[38;5;3m +2ms[39m
[32m[Nest] 1016909  - [39m02/03/2026, 4:10:43 PM [32m    LOG[39m [38;5;3m[RouterExplorer] [39m[32mMapped {/auth/github/callback, GET} route[39m[38;5;3m +1ms[39m
[32m[Nest] 1016909  - [39m02/03/2026, 4:10:43 PM [32m    LOG[39m [38;5;3m[RoutesResolver] [39m[32mContentController {/content}:[39m[38;5;3m +0ms[39m
[32m[Nest] 1016909  - [39m02/03/2026, 4:10:43 PM [32m    LOG[39m [38;5;3m[RouterExplorer] [39m[32mMapped {/content, POST} route[39m[38;5;3m +2ms[39m
[32m[Nest] 1016909  - [39m02/03/2026, 4:10:43 PM [32m    LOG[39m [38;5;3m[RouterExplorer] [39m[32mMapped {/content/:id, PATCH} route[39m[38;5;3m +2ms[39m
[32m[Nest] 1016909  - [39m02/03/2026, 4:10:43 PM [32m    LOG[39m [38;5;3m[RouterExplorer] [39m[32mMapped {/content/:id, DELETE} route[39m[38;5;3m +1ms[39m
[32m[Nest] 1016909  - [39m02/03/2026, 4:10:43 PM [32m    LOG[39m [38;5;3m[RouterExplorer] [39m[32mMapped {/content/:id/publish, POST} route[39m[38;5;3m +1ms[39m
[32m[Nest] 1016909  - [39m02/03/2026, 4:10:43 PM [32m    LOG[39m [38;5;3m[RouterExplorer] [39m[32mMapped {/content/:id/visibility, POST} route[39m[38;5;3m +1ms[39m
[32m[Nest] 1016909  - [39m02/03/2026, 4:10:43 PM [32m    LOG[39m [38;5;3m[RouterExplorer] [39m[32mMapped {/content/slug/:slug, GET} route[39m[38;5;3m +1ms[39m
[32m[Nest] 1016909  - [39m02/03/2026, 4:10:43 PM [32m    LOG[39m [38;5;3m[RouterExplorer] [39m[32mMapped {/content/public, GET} route[39m[38;5;3m +0ms[39m
[32m[Nest] 1016909  - [39m02/03/2026, 4:10:43 PM [32m    LOG[39m [38;5;3m[RouterExplorer] [39m[32mMapped {/content/mine, GET} route[39m[38;5;3m +1ms[39m
[32m[Nest] 1016909  - [39m02/03/2026, 4:10:43 PM [32m    LOG[39m [38;5;3m[NestApplication] [39m[32mNest application successfully started[39m[38;5;3m +284ms[39m
[31m[Nest] 1016909  - [39m02/03/2026, 4:10:43 PM [31m  ERROR[39m [38;5;3m[NestApplication] [39m[31mError: listen EADDRINUSE: address already in use :::3000[39m[38;5;3m +8ms[39m
node:net:1940
    const ex = new UVExceptionWithHostPort(err, 'listen', address, port);
               ^

Error: listen EADDRINUSE: address already in use :::3000
    at Server.setupListenHandle [as _listen2] (node:net:1940:16)
    at listenInCluster (node:net:1997:12)
    at Server.listen (node:net:2102:7)
    at ExpressAdapter.listen (/home/dexter/forks/RepoWrite/Repo-Write-CMS/node_modules/@nestjs/platform-express/adapters/express-adapter.js:127:32)
    at /home/dexter/forks/RepoWrite/Repo-Write-CMS/node_modules/@nestjs/core/nest-application.js:188:30
    at new Promise (<anonymous>)
    at NestApplication.listen (/home/dexter/forks/RepoWrite/Repo-Write-CMS/node_modules/@nestjs/core/nest-application.js:178:16)
    at async bootstrap (/home/dexter/forks/RepoWrite/Repo-Write-CMS/src/main.ts:6:3) {
  code: 'EADDRINUSE',
  errno: -98,
  syscall: 'listen',
  address: '::',
  port: 3000
}

Node.js v25.0.0
